HOLA
CHAU
HOLA
CHAU
HOLA
HOLA
CHAU
HOLA
INNER HOLA
CHAU
HOLA
INNER HOLA
INNER HOLA
CHAU
